This is XeTeX, Version 3.141592653-2.6-0.999994 (MiKTeX 23.1) (preloaded format=xelatex 2023.4.11)  15 APR 2023 22:02
entering extended mode
 restricted \write18 enabled.
 %&-line parsing enabled.
**./test.tex
(test.tex
LaTeX2e <2022-11-01> patch level 1
L3 programming layer <2023-03-30>
(C:\Users\MatMath.h\AppData\Local\Programs\MiKTeX\tex/latex/base\article.cls
Document Class: article 2022/07/02 v1.4n Standard LaTeX document class
(C:\Users\MatMath.h\AppData\Local\Programs\MiKTeX\tex/latex/base\size10.clo
File: size10.clo 2022/07/02 v1.4n Standard LaTeX file (size option)
)
\c@part=\count181
\c@section=\count182
\c@subsection=\count183
\c@subsubsection=\count184
\c@paragraph=\count185
\c@subparagraph=\count186
\c@figure=\count187
\c@table=\count188
\abovecaptionskip=\skip48
\belowcaptionskip=\skip49
\bibindent=\dimen140
)
(C:\Users\MatMath.h\AppData\Local\Programs\MiKTeX\tex/latex/base\inputenc.sty
Package: inputenc 2021/02/14 v1.3d Input encoding file
\inpenc@prehook=\toks16
\inpenc@posthook=\toks17


Package inputenc Warning: inputenc package ignored with utf8 based engines.

)
(C:\Users\MatMath.h\AppData\Local\Programs\MiKTeX\tex/latex/pythontex\pythontex
.sty
Package: pythontex 2021/06/06 v0.18 execute and typeset Python code and other l
anguages

(C:\Users\MatMath.h\AppData\Local\Programs\MiKTeX\tex/latex/fvextra\fvextra.sty
Package: fvextra 2022/11/30 v1.5 fvextra - extensions and patches for fancyvrb

(C:\Users\MatMath.h\AppData\Local\Programs\MiKTeX\tex/latex/etoolbox\etoolbox.s
ty
Package: etoolbox 2020/10/05 v2.5k e-TeX tools for LaTeX (JAW)
\etb@tempcnta=\count189
)
(C:\Users\MatMath.h\AppData\Local\Programs\MiKTeX\tex/latex/fancyvrb\fancyvrb.s
ty
Package: fancyvrb 2023/01/19 4.5a verbatim text (tvz,hv)

(C:\Users\MatMath.h\AppData\Local\Programs\MiKTeX\tex/latex/graphics\keyval.sty
Package: keyval 2022/05/29 v1.15 key=value parser (DPC)
\KV@toks@=\toks18
)
\FV@CodeLineNo=\count190
\FV@InFile=\read2
\FV@TabBox=\box51
\c@FancyVerbLine=\count191
\FV@StepNumber=\count192
\FV@OutFile=\write3
)
(C:\Users\MatMath.h\AppData\Local\Programs\MiKTeX\tex/latex/upquote\upquote.sty
Package: upquote 2012/04/19 v1.3 upright-quote and grave-accent glyphs in verba
tim
(C:\Users\MatMath.h\AppData\Local\Programs\MiKTeX\tex/latex/base\textcomp.sty
Package: textcomp 2020/02/02 v2.0n Standard LaTeX package
)) (C:\Users\MatMath.h\AppData\Local\Programs\MiKTeX\tex/latex/lineno\lineno.st
y
Package: lineno 2023/01/19 line numbers on paragraphs v5.1
Invalid UTF-8 byte or sequence at line 290 replaced by U+FFFD.
\linenopenalty=\count193
\output=\toks19
\linenoprevgraf=\count194
\linenumbersep=\dimen141
\linenumberwidth=\dimen142
\c@linenumber=\count195
\c@pagewiselinenumber=\count196
\c@LN@truepage=\count197
\c@internallinenumber=\count198
\c@internallinenumbers=\count199
\quotelinenumbersep=\dimen143
\bframerule=\dimen144
\bframesep=\dimen145
\bframebox=\box52
LaTeX Info: Redefining \\ on input line 3131.
)
\c@FV@TrueTabGroupLevel=\count266
\c@FV@TrueTabCounter=\count267
\FV@TabBox@Group=\box53
\FV@TmpLength=\skip50
\c@FV@HighlightLinesStart=\count268
\c@FV@HighlightLinesStop=\count269
\FV@LoopCount=\count270
\FV@NCharsBox=\box54
\FV@BreakIndent=\dimen146
\FV@BreakIndentNChars=\count271
\FV@BreakSymbolSepLeft=\dimen147
\FV@BreakSymbolSepLeftNChars=\count272
\FV@BreakSymbolSepRight=\dimen148
\FV@BreakSymbolSepRightNChars=\count273
\FV@BreakSymbolIndentLeft=\dimen149
\FV@BreakSymbolIndentLeftNChars=\count274
\FV@BreakSymbolIndentRight=\dimen150
\FV@BreakSymbolIndentRightNChars=\count275
\c@FancyVerbLineBreakLast=\count276
\FV@LineBox=\box55
\FV@LineIndentBox=\box56
\c@FV@BreakBufferDepth=\count277
\FV@LineWidth=\dimen151
)
(C:\Users\MatMath.h\AppData\Local\Programs\MiKTeX\tex/latex/xstring\xstring.sty

(C:\Users\MatMath.h\AppData\Local\Programs\MiKTeX\tex/generic/xstring\xstring.t
ex
\integerpart=\count278
\decimalpart=\count279
)
Package: xstring 2023/01/14 v1.85 String manipulations (CT)
)
(C:\Users\MatMath.h\AppData\Local\Programs\MiKTeX\tex/latex/pgfopts\pgfopts.sty
Package: pgfopts 2014/07/10 v2.1a LaTeX package options with pgfkeys

(C:\Users\MatMath.h\AppData\Local\Programs\MiKTeX\tex/latex/pgf/utilities\pgfke
ys.sty
(C:\Users\MatMath.h\AppData\Local\Programs\MiKTeX\tex/generic/pgf/utilities\pgf
keys.code.tex
\pgfkeys@pathtoks=\toks20
\pgfkeys@temptoks=\toks21

(C:\Users\MatMath.h\AppData\Local\Programs\MiKTeX\tex/generic/pgf/utilities\pgf
keyslibraryfiltered.code.tex
\pgfkeys@tmptoks=\toks22
)))
\pgfopts@list@add@a@toks=\toks23
\pgfopts@list@add@b@toks=\toks24
)
(C:\Users\MatMath.h\AppData\Local\Programs\MiKTeX\tex/latex/newfloat\newfloat.s
ty
Package: newfloat 2019/09/02 v1.1l Defining new floating environments (AR)
)
(C:\Users\MatMath.h\AppData\Local\Programs\MiKTeX\tex/latex/currfile\currfile.s
ty
Package: currfile 2020/09/29 v0.7d Provides the file path elements of the curre
nt input file

(C:\Users\MatMath.h\AppData\Local\Programs\MiKTeX\tex/latex/kvoptions\kvoptions
.sty
Package: kvoptions 2022-06-15 v3.15 Key value format for package options (HO)

(C:\Users\MatMath.h\AppData\Local\Programs\MiKTeX\tex/generic/ltxcmds\ltxcmds.s
ty
Package: ltxcmds 2020-05-10 v1.25 LaTeX kernel commands for general use (HO)
)
(C:\Users\MatMath.h\AppData\Local\Programs\MiKTeX\tex/latex/kvsetkeys\kvsetkeys
.sty
Package: kvsetkeys 2022-10-05 v1.19 Key value parser (HO)
))
(C:\Users\MatMath.h\AppData\Local\Programs\MiKTeX\tex/latex/filehook\filehook.s
ty
Package: filehook 2022/10/25 v0.8b Hooks for input files

(C:\Users\MatMath.h\AppData\Local\Programs\MiKTeX\tex/latex/filehook\filehook-2
020.sty
Package: filehook-2020 2022/10/25 v0.8b Hooks for input files
))
\c@currfiledepth=\count280
)
\pytx@codefile=\write4
\openout4 = `test.pytxcode'.

\c@pytx@FancyVerbLineTemp=\count281
\c@pytx@py@default@default=\count282
\c@pytx@pycon@default@default=\count283
\c@pytx@sympy@default@default=\count284
\c@pytx@sympycon@default@default=\count285
\c@pytx@pylab@default@default=\count286
\c@pytx@pylabcon@default@default=\count287
)
(C:\Users\MatMath.h\AppData\Local\Programs\MiKTeX\tex/latex/xcolor\xcolor.sty
Package: xcolor 2022/06/12 v2.14 LaTeX color extensions (UK)

(C:\Users\MatMath.h\AppData\Local\Programs\MiKTeX\tex/latex/graphics-cfg\color.
cfg
File: color.cfg 2016/01/02 v1.6 sample color configuration
)
Package xcolor Info: Driver file: xetex.def on input line 227.

(C:\Users\MatMath.h\AppData\Local\Programs\MiKTeX\tex/latex/graphics-def\xetex.
def
File: xetex.def 2022/09/22 v5.0n Graphics/color driver for xetex
)
(C:\Users\MatMath.h\AppData\Local\Programs\MiKTeX\tex/latex/graphics\mathcolor.
ltx)
Package xcolor Info: Model `cmy' substituted by `cmy0' on input line 1353.
Package xcolor Info: Model `RGB' extended on input line 1369.
Package xcolor Info: Model `HTML' substituted by `rgb' on input line 1371.
Package xcolor Info: Model `Hsb' substituted by `hsb' on input line 1372.
Package xcolor Info: Model `tHsb' substituted by `hsb' on input line 1373.
Package xcolor Info: Model `HSB' substituted by `hsb' on input line 1374.
Package xcolor Info: Model `Gray' substituted by `gray' on input line 1375.
Package xcolor Info: Model `wave' substituted by `hsb' on input line 1376.
)
(C:\Users\MatMath.h\AppData\Local\Programs\MiKTeX\tex/latex/l3backend\l3backend
-xetex.def
File: l3backend-xetex.def 2023-03-30 L3 backend support: XeTeX
\g__graphics_track_int=\count288
\l__pdf_internal_box=\box57
\g__pdf_backend_object_int=\count289
\g__pdf_backend_annotation_int=\count290
\g__pdf_backend_link_int=\count291
) (test.aux)
\openout1 = `test.aux'.

LaTeX Font Info:    Checking defaults for OML/cmm/m/it on input line 6.
LaTeX Font Info:    ... okay on input line 6.
LaTeX Font Info:    Checking defaults for OMS/cmsy/m/n on input line 6.
LaTeX Font Info:    ... okay on input line 6.
LaTeX Font Info:    Checking defaults for OT1/cmr/m/n on input line 6.
LaTeX Font Info:    ... okay on input line 6.
LaTeX Font Info:    Checking defaults for T1/cmr/m/n on input line 6.
LaTeX Font Info:    ... okay on input line 6.
LaTeX Font Info:    Checking defaults for TS1/cmr/m/n on input line 6.
LaTeX Font Info:    Trying to load font information for TS1+cmr on input line 6
.

(C:\Users\MatMath.h\AppData\Local\Programs\MiKTeX\tex/latex/base\ts1cmr.fd
File: ts1cmr.fd 2022/07/10 v2.5l Standard LaTeX font definitions
)
LaTeX Font Info:    ... okay on input line 6.
LaTeX Font Info:    Checking defaults for TU/lmr/m/n on input line 6.
LaTeX Font Info:    ... okay on input line 6.
LaTeX Font Info:    Checking defaults for OMX/cmex/m/n on input line 6.
LaTeX Font Info:    ... okay on input line 6.
LaTeX Font Info:    Checking defaults for U/cmr/m/n on input line 6.
LaTeX Font Info:    ... okay on input line 6.

No file pythontex-files-test/test.pytxmcr.
Run PythonTeX to create it.
Package newfloat Info: New float `listing' with options `fileext=lopytx' on inp
ut line 6.
\c@listing=\count292
\newfloat@ftype=\count293
Package newfloat Info: float type `listing'=8 on input line 6.
\c@pytx@sympy@default@default@line=\count294

Package PythonTeX Warning: Non-existent Pygments content on input line 12.

LaTeX Font Info:    External font `cmex10' loaded for size
(Font)              <7> on input line 14.
LaTeX Font Info:    External font `cmex10' loaded for size
(Font)              <5> on input line 14.

Package PythonTeX Warning: Missing autoprint content on input line 14.


Package PythonTeX Warning: Missing autoprint content on input line 14.

[1

] (test.aux) ) 
Here is how much of TeX's memory you used:
 4996 strings out of 411464
 96940 string characters out of 5817203
 1843290 words of memory out of 5000000
 25225 multiletter control sequences out of 15000+600000
 512303 words of font info for 34 fonts, out of 8000000 for 9000
 1348 hyphenation exceptions out of 8191
 76i,5n,81p,337b,131s stack positions out of 10000i,1000n,20000p,200000b,200000s

Output written on test.pdf (1 page).
